Copyright 1986-2016 Xilinx, Inc. All Rights Reserved.
------------------------------------------------------------------------------------
| Tool Version : Vivado v.2016.4 (win64) Build 1756540 Mon Jan 23 19:11:23 MST 2017
| Date         : Thu Jul 06 13:08:50 2017
| Host         : ANA00075 running 64-bit major release  (build 9200)
| Command      : report_control_sets -verbose -file s4_control_sets_placed.rpt
| Design       : s4
| Device       : xc7a35t
------------------------------------------------------------------------------------

Control Set Information

Table of Contents
-----------------
1. Summary
2. Flip-Flop Distribution
3. Detailed Control Set Information

1. Summary
----------

+----------------------------------------------------------+-------+
|                          Status                          | Count |
+----------------------------------------------------------+-------+
| Number of unique control sets                            |   227 |
| Unused register locations in slices containing registers |   613 |
+----------------------------------------------------------+-------+


2. Flip-Flop Distribution
-------------------------

+--------------+-----------------------+------------------------+-----------------+--------------+
| Clock Enable | Synchronous Set/Reset | Asynchronous Set/Reset | Total Registers | Total Slices |
+--------------+-----------------------+------------------------+-----------------+--------------+
| No           | No                    | No                     |              12 |            7 |
| No           | No                    | Yes                    |             904 |          347 |
| No           | Yes                   | No                     |             127 |           45 |
| Yes          | No                    | No                     |              21 |            6 |
| Yes          | No                    | Yes                    |            2016 |          684 |
| Yes          | Yes                   | No                     |             227 |           65 |
+--------------+-----------------------+------------------------+-----------------+--------------+


3. Detailed Control Set Information
-----------------------------------

+--------------------+-----------------------------------------------------------------------------+------------------------------------------------------------------------------------+------------------+----------------+
|    Clock Signal    |                                Enable Signal                                |                                  Set/Reset Signal                                  | Slice Load Count | Bel Load Count |
+--------------------+-----------------------------------------------------------------------------+------------------------------------------------------------------------------------+------------------+----------------+
|  MMC_CLK_IBUF_BUFG | mmc_tester_0/mmc_slave/mmc_1/cmd_receiver/cmd_raw_l[46]_i_1_n_0             | mmc_tester_0/syscon1/syscon1/match_o_reg                                           |                1 |              1 |
|  clkin             | mmc_tester_0/syscon1/syscon1/csd_reg[104][2]                                | mmc_tester_0/syscon1/syscon1/crc_in_reg[0]                                         |                1 |              1 |
| ~MMC_CLK_OBUF_BUFG |                                                                             | mmc_tester_0/sd_host_0/cmd_host_0/crc_bit_reg_0[1]                                 |                1 |              1 |
|  MMC_CLK_IBUF_BUFG | mmc_tester_0/mmc_slave/mmc_1/cmd_receiver/adr_offset_reg_0__s_net_1         | mmc_tester_0/syscon1/syscon1/match_o_reg                                           |                1 |              1 |
|  MMC_CLK_IBUF_BUFG | mmc_tester_0/mmc_slave/mmc_1/sd_card_d_handler/sd_dat_o[7]_i_1__0_n_0       | mmc_tester_0/syscon1/syscon1/crc_rst_n_reg                                         |                1 |              1 |
|  MMC_CLK_OBUF_BUFG | mmc_tester_0/sd_host_0/sd_data_host0/E[0]                                   | mmc_tester_0/sd_host_0/cmd_host_0/resp_buff_reg[42]_0[0]                           |                1 |              1 |
|  MMC_CLK_OBUF_BUFG |                                                                             | mmc_tester_0/sd_host_0/cmd_host_0/AR[0]                                            |                1 |              1 |
|  MMC_CLK_OBUF_BUFG | mmc_tester_0/sd_host_0/sd_data_host0/state[3]_i_1_n_0                       | mmc_tester_0/sd_host_0/cmd_host_0/resp_buff_reg[42]_0[0]                           |                1 |              1 |
|  clkin             | mmc_tester_0/syscon1/syscon1/sd_freq_reg_reg[31][0]                         | mmc_tester_0/syscon1/syscon1/AS[1]                                                 |                1 |              1 |
|  clkin             | mmc_tester_0/syscon1/syscon1/csd_reg[104][1]                                | mmc_tester_0/syscon1/syscon1/crc_in_reg[0]                                         |                1 |              1 |
|  clkin             | hwdbg_uart/xmt1/txd_i_2_n_0                                                 | hwdbg_uart/xmt1/txd4_out                                                           |                1 |              1 |
|  MMC_CLK_IBUF_BUFG | mmc_tester_0/mmc_slave/mmc_1/sd_card_d_handler/blk_prg_tmr[7]_i_1_n_0       | mmc_tester_0/syscon1/syscon1/crc_in_reg[0]                                         |                1 |              2 |
|  MMC_CLK_IBUF_BUFG |                                                                             | mmc_tester_0/syscon1/syscon1/AR[0]                                                 |                1 |              2 |
|  clkin             | mmc_tester_0/syscon1/syscon1/csd_reg[104][2]                                | mmc_tester_0/syscon1/syscon1/AS[2]                                                 |                1 |              2 |
|  clkin             | mmc_tester_0/syscon1/syscon1/argument_reg_reg[31][0]                        | mmc_tester_0/syscon1/syscon1/AR[0]                                                 |                1 |              2 |
|  clkin             | mmc_tester_0/syscon1/syscon1/csd_reg[104][0]                                | mmc_tester_0/syscon1/syscon1/crc_in_reg[0]                                         |                2 |              2 |
|  clkin             | mmc_tester_0/syscon1/syscon1/csd_reg[104][0]                                | mmc_tester_0/syscon1/syscon1/match_o_reg                                           |                1 |              2 |
|  MMC_CLK_OBUF_BUFG | mmc_tester_0/sd_host_0/sd_data_host0/bus_size_reg                           | mmc_tester_0/sd_host_0/cmd_host_0/resp_buff_reg[42]_0[0]                           |                1 |              2 |
|  clkin             | mmc_tester_0/syscon1/syscon1/command[1]_i_1_n_0                             | MCU_TRIG_IBUF                                                                      |                1 |              2 |
|  MMC_CLK_IBUF_BUFG |                                                                             |                                                                                    |                2 |              2 |
|  clkin             | mmc_tester_0/syscon1/syscon1/csd_reg[104][1]                                | mmc_tester_0/syscon1/syscon1/match_o_reg                                           |                1 |              2 |
|  clkin             | mmc_tester_0/syscon1/syscon1/csd_reg[104][3]                                | mmc_tester_0/syscon1/syscon1/crc_in_reg[0]                                         |                1 |              2 |
|  MMC_CLK_IBUF_BUFG | mmc_tester_0/mmc_slave/mmc_1/sd_card_d_handler/data_cycles_reg[14]_0[0]     | mmc_tester_0/syscon1/syscon1/crc_rst_n_reg                                         |                1 |              2 |
|  clkin             | mmc_tester_0/syscon1/syscon1/csd_reg[104][3]                                | mmc_tester_0/syscon1/syscon1/tx_sr_reg[86]                                         |                1 |              2 |
|  clkin             | mmc_tester_0/syscon1/syscon1/csd_reg[104][3]                                | mmc_tester_0/syscon1/syscon1/AS[2]                                                 |                2 |              2 |
|  clkin             | mmc_tester_0/syscon1/syscon1/csd_reg[104][0]                                | mmc_tester_0/syscon1/syscon1/tx_sr_reg[86]                                         |                1 |              2 |
|  clkin             | mmc_tester_0/syscon1/syscon1/csd_reg[104][3]                                | mmc_tester_0/syscon1/syscon1/match_o_reg                                           |                1 |              3 |
|  clkin             | mmc_tester_0/syscon1/syscon1/csd_reg[104][0]                                | mmc_tester_0/syscon1/syscon1/AS[2]                                                 |                1 |              3 |
|  clkin             | mmc_tester_0/syscon1/syscon1/status_reg[0][0]                               | mmc_tester_0/syscon1/syscon1/wb_rst_i                                              |                1 |              3 |
|  MMC_CLK_OBUF_BUFG | mmc_tester_0/sd_host_0/sd_data_host0/state[3]_i_1_n_0                       | mmc_tester_0/sd_host_0/sd_data_host0/AR[0]                                         |                2 |              3 |
|  clkin             | mmc_tester_0/syscon1/syscon1/csd_reg[104][1]                                | mmc_tester_0/syscon1/syscon1/tx_sr_reg[86]                                         |                1 |              3 |
|  clkin             | mmc_tester_0/syscon1/syscon1/E[0]                                           | mmc_tester_0/syscon1/syscon1/AS[0]                                                 |                1 |              3 |
|  clkin             | mmc_tester_0/syscon1/syscon1/csd_reg[104][2]                                | mmc_tester_0/syscon1/syscon1/tx_sr_reg[86]                                         |                2 |              3 |
|  clkin             |                                                                             | mmc_tester_0/syscon1/syscon1/AS[0]                                                 |                2 |              3 |
|  MMC_CLK_OBUF_BUFG | mmc_tester_0/sd_host_0/cmd_host_0/resp_idx                                  | mmc_tester_0/sd_host_0/cmd_host_0/crc_bit_reg_0[0]                                 |                1 |              3 |
|  clkin             | mmc_tester_0/syscon1/syscon1/csd_reg[104][1]                                | mmc_tester_0/syscon1/syscon1/AS[2]                                                 |                1 |              3 |
|  clkin             | mmc_tester_0/syscon1/syscon1/csd_reg[104][2]                                | mmc_tester_0/syscon1/syscon1/match_o_reg                                           |                1 |              3 |
|  MMC_CLK_IBUF_BUFG | mmc_tester_0/mmc_slave/mmc_1/sd_card_d_handler/last_din[7]_i_1__0_n_0       | mmc_tester_0/syscon1/syscon1/crc_rst_n_reg                                         |                2 |              3 |
|  clkin             | mmc_tester_0/syscon1/uart1/rx1/rx_bcnt_0                                    | MCU_TRIG_IBUF                                                                      |                2 |              4 |
|  MMC_CLK_IBUF_BUFG | mmc_tester_0/mmc_slave/mmc_1/cmd_receiver/crc0/rca_reg[0][0]                | mmc_tester_0/syscon1/syscon1/crc_in_reg[0]                                         |                1 |              4 |
|  MMC_CLK_OBUF_BUFG | mmc_tester_0/sd_host_0/sd_data_host0/bustest_00                             | mmc_tester_0/sd_host_0/cmd_host_0/crc_bit_reg_0[0]                                 |                2 |              4 |
|  MMC_CLK_IBUF_BUFG | mmc_tester_0/mmc_slave/mmc_1/sd_card_d_handler/crc_status[3]_i_1_n_0        | mmc_tester_0/syscon1/syscon1/transf_cnt_reg[0]                                     |                1 |              4 |
|  clkin             | mmc_tester_0/auto_baud1/edge_count[3]_i_1_n_0                               | MCU_TRIG_IBUF                                                                      |                1 |              4 |
|  clkin             | mmc_tester_0/syscon1/syscon1/dbg_spi_bytes_io_reg[0][0]                     | MCU_TRIG_IBUF                                                                      |                1 |              4 |
|  MMC_CLK_IBUF_BUFG | mmc_tester_0/mmc_slave/mmc_1/sd_card_d_handler/state                        | mmc_tester_0/syscon1/syscon1/transf_cnt_reg[0]                                     |                2 |              4 |
|  clkin             | mmc_tester_0/syscon1/syscon1/dbg_spi_count_reg[0][0]                        |                                                                                    |                1 |              4 |
|  clkin             | mmc_tester_0/syscon1/syscon1/dma_adr_reg_reg[31][0]                         | mmc_tester_0/syscon1/syscon1/AS[1]                                                 |                1 |              4 |
|  clkin             | mmc_tester_0/syscon1/syscon1/status_reg[0][0]                               | mmc_tester_0/syscon1/syscon1/crc_in_reg[0]                                         |                1 |              4 |
|  clkin             | mmc_tester_0/syscon1/syscon1/blk_count_reg_reg[15][0]                       | mmc_tester_0/syscon1/syscon1/AS[2]                                                 |                1 |              4 |
|  clkin             | syn_spi/dbg_spi_count_reg[0]                                                | mmc_tester_0/dbg_spi_count_reg[3]_0                                                |                1 |              4 |
|  clkin             | hwdbg_uart/rcv1/uart_wr_ctl_reg[14][0]                                      | MCU_TRIG_IBUF                                                                      |                2 |              4 |
|  clkin             | hwdbg_uart/rcv1/uart_wr_ctl_reg[14][1]                                      | MCU_TRIG_IBUF                                                                      |                2 |              4 |
|  clkin             | hwdbg_uart/rcv1/uart_wr_ctl_reg[14][2]                                      | MCU_TRIG_IBUF                                                                      |                1 |              4 |
|  MMC_CLK_IBUF_BUFG | mmc_tester_0/mmc_slave/mmc_1/cmd_receiver/crc0/card_state_reg[0][0]         | mmc_tester_0/syscon1/syscon1/match_o_reg                                           |                3 |              4 |
|  MMC_CLK_IBUF_BUFG | mmc_tester_0/mmc_slave/mmc_1/cmd_receiver/crc0/card_state_reply_reg[3][0]   | mmc_tester_0/syscon1/syscon1/match_o_reg                                           |                2 |              4 |
|  clkin             | hwdbg_uart/rcv1/uart_wr_ctl_reg[14][3]                                      | MCU_TRIG_IBUF                                                                      |                1 |              4 |
|  clkin             | hwdbg_uart/xmt1/bit_count                                                   | hwdbg_uart/xmt1/bit_count[3]_i_1_n_0                                               |                2 |              4 |
|  MMC_CLK_OBUF_BUFG | mmc_tester_0/sd_host_0/sd_data_host0/bustest_00                             | mmc_tester_0/sd_host_0/cmd_host_0/crc_bit_reg_0[1]                                 |                2 |              4 |
|  MMC_CLK_OBUF_BUFG | mmc_tester_0/sd_host_0/sd_data_host0/E[0]                                   | mmc_tester_0/sd_host_0/cmd_host_0/crc_bit_reg_0[0]                                 |                1 |              4 |
|  clkin             | mmc_tester_0/syscon1/syscon1/msg_pointer[4]_i_1_n_0                         | MCU_TRIG_IBUF                                                                      |                5 |              5 |
|  MMC_CLK_OBUF_BUFG | mmc_tester_0/sd_host_0/sd_data_host0/blkcnt_reg                             | mmc_tester_0/sd_host_0/sd_data_host0/AR[0]                                         |                1 |              5 |
|  MMC_CLK_IBUF_BUFG | mmc_tester_0/mmc_slave/mmc_1/sd_card_d_handler/last_din[7]_i_1__0_n_0       | mmc_tester_0/syscon1/syscon1/transf_cnt_reg[0]                                     |                2 |              5 |
|  MMC_CLK_IBUF_BUFG | mmc_tester_0/mmc_slave/mmc_1/sd_card_d_handler/crc_c[4]_i_1__0_n_0          | mmc_tester_0/syscon1/syscon1/crc_rst_n_reg                                         |                2 |              5 |
|  clkin             | mmc_tester_0/tlm_fifo_unit/E[0]                                             | MCU_TRIG_IBUF                                                                      |                1 |              5 |
|  clkin             | mmc_tester_0/syscon1/syscon1/fsm_state[4]_i_1_n_0                           | MCU_TRIG_IBUF                                                                      |                4 |              5 |
|  MMC_CLK_OBUF_BUFG | mmc_tester_0/sd_host_0/sd_data_host0/crc_c                                  | mmc_tester_0/sd_host_0/cmd_host_0/resp_buff_reg[42]_0[0]                           |                2 |              5 |
|  clkin             | mmc_tester_0/syscon1/syscon1/cmd_int_enable_reg_reg[4][0]                   | mmc_tester_0/syscon1/syscon1/AS[0]                                                 |                2 |              5 |
|  MMC_CLK_IBUF_BUFG | mmc_tester_0/mmc_slave/mmc_1/cmd_receiver/counter[5]_i_1__0_n_0             | mmc_tester_0/syscon1/syscon1/match_o_reg                                           |                2 |              6 |
|  clkin             | hwdbg_uart/tx_stb                                                           | MCU_TRIG_IBUF                                                                      |                2 |              6 |
|  clkin             | hwdbg_uart/tx_load_reg_n_0                                                  | MCU_TRIG_IBUF                                                                      |                2 |              6 |
|  MMC_CLK_IBUF_BUFG | mmc_tester_0/mmc_slave/mmc_1/sd_card_d_handler/blk_prg_tmr[7]_i_1_n_0       | mmc_tester_0/syscon1/syscon1/transf_cnt_reg[0]                                     |                2 |              6 |
|  MMC_CLK_IBUF_BUFG | mmc_tester_0/mmc_slave/mmc_1/cmd_receiver/crc0/dreply_start_count_reg[0][0] | mmc_tester_0/syscon1/syscon1/tx_sr_reg[86]                                         |                2 |              6 |
|  MMC_CLK_IBUF_BUFG | mmc_tester_0/mmc_slave/mmc_1/cmd_receiver/crc0/dsr_reg[0][0]                | mmc_tester_0/syscon1/syscon1/wb_rst_i                                              |                3 |              6 |
|  MMC_CLK_IBUF_BUFG | mmc_tester_0/mmc_slave/mmc_1/R3_responder/counter[5]_i_1__4_n_0             | mmc_tester_0/syscon1/syscon1/crc_in_reg[0]                                         |                3 |              6 |
|  MMC_CLK_IBUF_BUFG | mmc_tester_0/test_cmd_receiver/counter[5]_i_1__5_n_0                        | MCU_TRIG_IBUF                                                                      |                2 |              6 |
|  clkin             | mmc_tester_0/syscon1/syscon1/cmd_index_reg_reg[5][0]                        | mmc_tester_0/syscon1/syscon1/AS[0]                                                 |                2 |              6 |
|  clkin             | mmc_tester_0/syscon1/syscon1/csd_reg[104][0]                                | mmc_tester_0/syscon1/syscon1/wb_rst_i                                              |                4 |              7 |
|  MMC_CLK_IBUF_BUFG | mmc_tester_0/mmc_slave/mmc_1/sd_card_d_handler/sd_dat_o[7]_i_1__0_n_0       | mmc_tester_0/syscon1/syscon1/AS[1]                                                 |                5 |              7 |
|  clkin             | hwdbg_uart/tx_char[6]_i_1_n_0                                               | MCU_TRIG_IBUF                                                                      |                5 |              7 |
|  MMC_CLK_IBUF_BUFG | mmc_tester_0/mmc_slave/mmc_1/R1_responder/crc0/crc[6]_i_1__2_n_0            | mmc_tester_0/syscon1/syscon1/match_o_reg                                           |                4 |              7 |
|  MMC_CLK_IBUF_BUFG | mmc_tester_0/mmc_slave/mmc_1/R1_responder/counter[6]_i_1__0_n_0             | mmc_tester_0/syscon1/syscon1/match_o_reg                                           |                2 |              7 |
|  MMC_CLK_IBUF_BUFG | mmc_tester_0/test_cmd_receiver/ignore_counter                               | MCU_TRIG_IBUF                                                                      |                2 |              7 |
|  clkin             | hwdbg_uart/rcv1/rx_charr_reg[0][0]                                          | MCU_TRIG_IBUF                                                                      |                2 |              7 |
|  MMC_CLK_IBUF_BUFG | mmc_tester_0/mmc_slave/mmc_1/R2_CID_responder/crc0/crc[6]_i_1__3_n_0        | mmc_tester_0/syscon1/syscon1/AS[2]                                                 |                2 |              7 |
|  clkin             | mmc_tester_0/syscon1/syscon1/cmd_ptr_reg[6]_i_1_n_0                         | MCU_TRIG_IBUF                                                                      |                3 |              7 |
|  MMC_CLK_IBUF_BUFG | mmc_tester_0/mmc_slave/mmc_1/R2_CSD_responder/crc0/crc[6]_i_1__4_n_0        | mmc_tester_0/syscon1/syscon1/AS[2]                                                 |                2 |              7 |
|  clkin             | mmc_tester_0/syscon1/syscon1/csd_reg[104][1]                                | mmc_tester_0/syscon1/syscon1/wb_rst_i                                              |                4 |              7 |
|  clkin             | mmc_tester_0/syscon1/syscon1/csd_reg[104][3]                                | mmc_tester_0/syscon1/syscon1/wb_rst_i                                              |                4 |              7 |
|  MMC_CLK_OBUF_BUFG | mmc_tester_0/sd_host_0/cmd_host_0/crc_enable_reg_n_0                        | mmc_tester_0/sd_host_0/cmd_host_0/crc0/crc[6]_i_1__0_n_0                           |                2 |              7 |
|  clkin             | mmc_tester_0/syscon1/syscon1/csd_reg[104][2]                                | mmc_tester_0/syscon1/syscon1/wb_rst_i                                              |                2 |              7 |
|  clkin             | mmc_tester_0/syscon1/syscon1/dbg_spi_dataD_o0                               | mmc_tester_0/syscon1/syscon1/dbg_spi_dataD_o_reg[7]                                |                2 |              8 |
|  MMC_CLK_IBUF_BUFG | mmc_tester_0/mmc_slave/mmc_1/R2_CID_responder/counter[7]_i_1__0_n_0         | mmc_tester_0/syscon1/syscon1/AS[2]                                                 |                3 |              8 |
|  clkin             | mmc_tester_0/syscon1/syscon1/dbg_spi_dataC_o0                               | mmc_tester_0/syscon1/syscon1/dbg_spi_dataC_o_reg[7]                                |                1 |              8 |
|  MMC_CLK_IBUF_BUFG | mmc_tester_0/mmc_slave/mmc_1/cmd_receiver/cmd_raw_l[46]_i_1_n_0             | mmc_tester_0/syscon1/syscon1/AS[2]                                                 |                6 |              8 |
|  clkin             | mmc_tester_0/syscon1/syscon1/dbg_spi_dataA_o0                               | mmc_tester_0/syscon1/syscon1/dbg_spi_dataA_o_reg[7]                                |                2 |              8 |
|  MMC_CLK_IBUF_BUFG | mmc_tester_0/mmc_slave/mmc_1/sd_card_d_handler/bustest_00                   | mmc_tester_0/syscon1/syscon1/crc_rst_n_reg                                         |                3 |              8 |
|  MMC_CLK_IBUF_BUFG | mmc_tester_0/mmc_slave/mmc_1/sd_card_d_handler/bustest_1[7]_i_1__0_n_0      | mmc_tester_0/syscon1/syscon1/transf_cnt_reg[0]                                     |                3 |              8 |
|  clkin             | mmc_tester_0/syscon1/syscon1/dbg_spi_data9_o0                               | mmc_tester_0/syscon1/syscon1/dbg_spi_data9_o_reg[7]                                |                2 |              8 |
|  MMC_CLK_IBUF_BUFG | mmc_tester_0/mmc_slave/mmc_1/sd_card_d_handler/crc_in[7]_i_1_n_0            | mmc_tester_0/syscon1/syscon1/crc_in_reg[0]                                         |                4 |              8 |
|  MMC_CLK_IBUF_BUFG | mmc_tester_0/mmc_slave/mmc_1/R2_CSD_responder/counter[7]_i_1__1_n_0         | mmc_tester_0/syscon1/syscon1/AS[2]                                                 |                2 |              8 |
|  clkin             | mmc_tester_0/syscon1/syscon1/csd_reg[104][0]                                | mmc_tester_0/syscon1/syscon1/AS[1]                                                 |                3 |              8 |
|  clkin             | mmc_tester_0/syscon1/syscon1/dbg_spi_data8_o0                               | mmc_tester_0/syscon1/syscon1/dbg_spi_data8_o_reg[7]                                |                2 |              8 |
|  clkin             | mmc_tester_0/syscon1/syscon1/t_rx_cmd_filter_reg[0][0]                      | MCU_TRIG_IBUF                                                                      |                3 |              8 |
|  clkin             | mmc_tester_0/syscon1/syscon1/dbg_spi_data7_o0                               | mmc_tester_0/syscon1/syscon1/dbg_spi_data7_o_reg[7]                                |                2 |              8 |
|  clkin             | mmc_tester_0/syscon1/syscon1/dbg_spi_data6_o0                               | mmc_tester_0/syscon1/syscon1/dbg_spi_data6_o_reg[7]                                |                4 |              8 |
|  clkin             | mmc_tester_0/syscon1/syscon1/dbg_spi_data5_o_reg[7]_0                       | mmc_tester_0/syscon1/syscon1/dbg_spi_data5_o_reg[7]                                |                2 |              8 |
|  MMC_CLK_IBUF_BUFG | mmc_tester_0/t_rx_dat_count                                                 | MCU_TRIG_IBUF                                                                      |                3 |              8 |
|  clkin             | mmc_tester_0/syscon1/syscon1/dbg_spi_data4_o0                               | mmc_tester_0/syscon1/syscon1/dbg_spi_data4_o_reg[7]                                |                2 |              8 |
|  clkin             | mmc_tester_0/syscon1/uart1/rx1/rx_dat_o[7]_i_1_n_0                          | MCU_TRIG_IBUF                                                                      |                2 |              8 |
|  clkin             | mmc_tester_0/syscon1/syscon1/dbg_spi_dataB_o0                               | mmc_tester_0/syscon1/syscon1/dbg_spi_dataB_o_reg[7]                                |                2 |              8 |
|  clkin             | mmc_tester_0/syscon1/syscon1/dbg_spi_data3_o0                               | mmc_tester_0/syscon1/syscon1/dbg_spi_data3_o_reg[7]                                |                2 |              8 |
|  clkin             | mmc_tester_0/syscon1/syscon1/dbg_spi_data2_o0                               | mmc_tester_0/syscon1/syscon1/dbg_spi_data2_o_reg[7]                                |                2 |              8 |
|  clkin             | mmc_tester_0/syscon1/syscon1/dbg_spi_data1_o0                               | mmc_tester_0/syscon1/syscon1/dbg_spi_data1_o_reg[7]                                |                2 |              8 |
|  clkin             | mmc_tester_0/syscon1/syscon1/dbg_spi_data0_o0                               | mmc_tester_0/syscon1/syscon1/dbg_spi_data0_o_reg[7]                                |                1 |              8 |
|  clkin             | hwdbg_uart/xmt1/tbr[7]_i_1_n_0                                              | MCU_TRIG_IBUF                                                                      |                2 |              8 |
|  MMC_CLK_OBUF_BUFG | mmc_tester_0/sd_host_0/sd_data_host0/bustest_1[7]_i_1_n_0                   | mmc_tester_0/sd_host_0/sd_data_host0/AR[0]                                         |                4 |              8 |
|  MMC_CLK_OBUF_BUFG |                                                                             | mmc_tester_0/sd_host_0/sd_data_host0/dat_reg[7]_i_1_n_0                            |                5 |              8 |
|  clkin             | mmc_tester_0/syscon1/syscon1/dma_adr_reg_reg[31][0]                         | mmc_tester_0/syscon1/syscon1/AS[0]                                                 |                4 |              8 |
|  clkin             | hwdbg_uart/rcv1/rsr[7]_i_1_n_0                                              | MCU_TRIG_IBUF                                                                      |                2 |              8 |
|  MMC_CLK_OBUF_BUFG | mmc_tester_0/sd_host_0/sd_data_host0/crc_in[7]_i_1__0_n_0                   | mmc_tester_0/sd_host_0/cmd_host_0/crc_bit_reg_0[0]                                 |                5 |              8 |
|  clkin             | mmc_tester_0/syscon1/syscon1/csd_reg[104][1]                                | mmc_tester_0/syscon1/syscon1/AS[1]                                                 |                1 |              8 |
|  clkin             | mmc_tester_0/syscon1/syscon1/csd_reg[104][1]                                | mmc_tester_0/syscon1/syscon1/AS[3]                                                 |                4 |              8 |
|  clkin             | hwdbg_uart/rcv1/dout_0                                                      | MCU_TRIG_IBUF                                                                      |                2 |              8 |
|  MMC_CLK_OBUF_BUFG | mmc_tester_0/sd_host_0/sd_data_host0/last_din[7]_i_1_n_0                    | mmc_tester_0/sd_host_0/sd_data_host0/AR[0]                                         |                5 |              8 |
|  clkin             | syn_spi/data_q[7]_i_1_n_0                                                   | MCU_TRIG_IBUF                                                                      |                1 |              8 |
|  MMC_CLK_OBUF_BUFG | mmc_tester_0/sd_host_0/sd_data_host0/sd_dat_o[7]_i_1_n_0                    | mmc_tester_0/sd_host_0/cmd_host_0/crc_bit_reg_0[1]                                 |                6 |              8 |
|  clkin             | mmc_tester_0/syscon1/syscon1/status_reg[0][0]                               | mmc_tester_0/syscon1/syscon1/AS[1]                                                 |                2 |              8 |
|  clkin             | mmc_tester_0/syscon1/syscon1/csd_reg[104][3]                                | mmc_tester_0/syscon1/syscon1/AS[1]                                                 |                4 |              8 |
|  clkin             | mmc_tester_0/syscon1/syscon1/csd_reg[104][3]                                | mmc_tester_0/syscon1/syscon1/AS[3]                                                 |                3 |              8 |
|  clkin             | mmc_tester_0/E[0]                                                           |                                                                                    |                3 |              8 |
|  clkin             | mmc_tester_0/syscon1/syscon1/E[0]                                           | mmc_tester_0/syscon1/syscon1/AS[3]                                                 |                2 |              8 |
|  clkin             | mmc_tester_0/syscon1/syscon1/E[0]                                           | mmc_tester_0/syscon1/syscon1/AS[2]                                                 |                3 |              8 |
|  clkin             | mmc_tester_0/syscon1/syscon1/csd_reg[104][2]                                | mmc_tester_0/syscon1/syscon1/AS[1]                                                 |                1 |              8 |
|  clkin             | mmc_tester_0/syscon1/syscon1/dma_adr_reg_reg[31][0]                         | mmc_tester_0/syscon1/syscon1/AS[3]                                                 |                4 |              8 |
|  clkin             | mmc_tester_0/syscon1/syscon1/csd_reg[104][2]                                | mmc_tester_0/syscon1/syscon1/AS[3]                                                 |                2 |              8 |
|  clkin             | mmc_tester_0/syscon1/uart1/rx1/rx_sr[0]                                     | MCU_TRIG_IBUF                                                                      |                1 |              8 |
|  clkin             | mmc_tester_0/syscon1/syscon1/sd_freq_reg_reg[31][0]                         | mmc_tester_0/syscon1/syscon1/AS[2]                                                 |                2 |              8 |
|  clkin             | mmc_tester_0/syscon1/syscon1/argument_reg_reg[31][0]                        | mmc_tester_0/syscon1/syscon1/AS[2]                                                 |                2 |              8 |
|  clkin             | mmc_tester_0/syscon1/syscon1/csd_reg[104][0]                                | mmc_tester_0/syscon1/syscon1/AS[3]                                                 |                2 |              8 |
|  MMC_CLK_OBUF_BUFG | mmc_tester_0/sd_host_0/sd_data_host0/E[0]                                   | mmc_tester_0/sd_host_0/sd_data_host0/AR[0]                                         |                3 |              9 |
|  clkin             | hwdbg_uart/rcv1/E[0]                                                        |                                                                                    |                2 |              9 |
|  clkin             | mmc_tester_0/syscon1/syscon1/ext_csd_reg_adr_reg[0][0]                      | mmc_tester_0/syscon1/syscon1/AS[1]                                                 |                3 |              9 |
|  MMC_CLK_IBUF_BUFG | mmc_tester_0/mmc_slave/mmc_1/cmd_receiver/cmd_raw_l[46]_i_1_n_0             | mmc_tester_0/syscon1/syscon1/AS[0]                                                 |                6 |              9 |
|  MMC_CLK_IBUF_BUFG | mmc_tester_0/mmc_slave/mmc_1/sd_card_d_handler/E[0]                         | mmc_tester_0/syscon1/syscon1/crc_rst_n_reg                                         |                2 |              9 |
|  clkin             |                                                                             | hwdbg_uart/rcv1/clk_div[11]_i_1_n_0                                                |                2 |              9 |
|  clkin             |                                                                             | mmc_tester_0/syscon1/syscon1/AS[1]                                                 |                5 |             10 |
|  clkin             | mmc_tester_0/syscon1/syscon1/status_reg[0][0]                               | mmc_tester_0/syscon1/syscon1/match_o_reg                                           |                3 |             10 |
|  clkin             | mmc_tester_0/syscon1/syscon1/argument_reg_reg[31][0]                        | mmc_tester_0/syscon1/syscon1/AS[3]                                                 |                3 |             10 |
|  MMC_CLK_IBUF_BUFG | mmc_tester_0/mmc_slave/mmc_1/cmd_receiver/crc0/dsr_reg[0][0]                | mmc_tester_0/syscon1/syscon1/AS[1]                                                 |                5 |             10 |
|  MMC_CLK_OBUF_BUFG | mmc_tester_0/sd_host_0/sd_data_host0/blkcnt_reg                             | mmc_tester_0/sd_host_0/cmd_host_0/crc_bit_reg_0[0]                                 |                3 |             11 |
|  clkin             | mmc_tester_0/syscon1/syscon1/sd_freq_reg_reg[31][0]                         | mmc_tester_0/syscon1/syscon1/AS[0]                                                 |                3 |             11 |
|  clkin             |                                                                             |                                                                                    |                6 |             11 |
|  clkin             | mmc_tester_0/syscon1/syscon1/watchdog_timer_count[10]_i_1_n_0               | MCU_TRIG_IBUF                                                                      |                4 |             11 |
|  clkin             | mmc_tester_0/syscon1/syscon1/dma_adr_reg_reg[31][0]                         | mmc_tester_0/syscon1/syscon1/AS[2]                                                 |                7 |             12 |
|  clkin             | hwdbg_uart/p_0_in1_out                                                      |                                                                                    |                3 |             12 |
|  clkin             | mmc_tester_0/syscon1/syscon1/argument_reg_reg[31][0]                        | mmc_tester_0/syscon1/syscon1/AS[0]                                                 |                5 |             12 |
|  clkin             | mmc_tester_0/syscon1/syscon1/blk_count_reg_reg[15][0]                       | mmc_tester_0/syscon1/syscon1/AS[0]                                                 |                5 |             12 |
|  clkin             | mmc_tester_0/syscon1/syscon1/blk_size_reg_reg[11][0]                        | mmc_tester_0/syscon1/syscon1/AS[0]                                                 |                6 |             12 |
|  clkin             | mmc_tester_0/syscon1/syscon1/sd_freq_reg_reg[31][0]                         | mmc_tester_0/syscon1/syscon1/AS[3]                                                 |                3 |             12 |
|  MMC_CLK_IBUF_BUFG | mmc_tester_0/mmc_slave/mmc_1/cmd_receiver/crc0/card_blocklen_reg[11][0]     | mmc_tester_0/syscon1/syscon1/crc_rst_n_reg                                         |                4 |             12 |
|  MMC_CLK_IBUF_BUFG | mmc_tester_0/mmc_slave/mmc_1/cmd_receiver/crc0/rca_reg[0][0]                | mmc_tester_0/syscon1/syscon1/match_o_reg                                           |                4 |             12 |
|  MMC_CLK_OBUF_BUFG | mmc_tester_0/sd_host_0/cmd_host_0/counter[31]_i_1_n_0                       | mmc_tester_0/sd_host_0/cmd_host_0/crc_bit_reg_0[1]                                 |                5 |             12 |
|  clkin             | mmc_tester_0/syscon1/uart1/tx1/tx_bcnt[3]_i_1_n_0                           | MCU_TRIG_IBUF                                                                      |                3 |             13 |
|  clkin             | mmc_tester_0/auto_baud1/target_bit_count                                    | MCU_TRIG_IBUF                                                                      |                3 |             13 |
|  MMC_CLK_IBUF_BUFG | mmc_tester_0/dbus_active_count                                              | MCU_TRIG_IBUF                                                                      |                6 |             13 |
|  clkin             | mmc_tester_0/auto_baud1/half_measurement[13]_i_1_n_0                        | MCU_TRIG_IBUF                                                                      |                6 |             14 |
|  clkin             | mmc_tester_0/syscon1/uart1/rx1/baud_timer_reg[13]_0                         | MCU_TRIG_IBUF                                                                      |                4 |             14 |
|  clkin             | mmc_tester_0/auto_baud1/measurement[13]_i_1_n_0                             | MCU_TRIG_IBUF                                                                      |                2 |             14 |
|  clkin             | mmc_tester_0/syscon1/uart1/tx1/E[0]                                         | MCU_TRIG_IBUF                                                                      |                4 |             14 |
|  MMC_CLK_OBUF_BUFG | mmc_tester_0/sd_host_0/cmd_host_0/timeout_reg                               | mmc_tester_0/sd_host_0/cmd_host_0/crc_bit_reg_0[0]                                 |                3 |             14 |
|  clkin             | mmc_tester_0/tlm_fifo_unit/wr_row[14]_i_1_n_0                               | MCU_TRIG_IBUF                                                                      |                3 |             15 |
|  MMC_CLK_IBUF_BUFG | mmc_tester_0/mmc_slave/mmc_1/sd_card_d_handler/data_cycles_reg[14]_0[0]     | mmc_tester_0/syscon1/syscon1/transf_cnt_reg[0]                                     |                4 |             15 |
|  clkin             | mmc_tester_0/auto_baud1/baud_lock                                           | MCU_TRIG_IBUF                                                                      |                5 |             15 |
|  MMC_CLK_OBUF_BUFG | mmc_tester_0/sd_host_0/sd_data_host0/bus_size_reg                           | mmc_tester_0/sd_host_0/sd_data_host0/AR[0]                                         |                5 |             15 |
|  clkin             | mmc_tester_0/tlm_fifo_unit/rd_row[14]_i_1_n_0                               | MCU_TRIG_IBUF                                                                      |                3 |             15 |
|  clkin             | mmc_tester_0/auto_baud1/baud_lock0_in                                       | MCU_TRIG_IBUF                                                                      |                6 |             15 |
|  clkin             | mmc_tester_0/syscon1/syscon1/adr_offset[15]_i_1_n_0                         | MCU_TRIG_IBUF                                                                      |                2 |             16 |
|  MMC_CLK_OBUF_BUFG | mmc_tester_0/sd_host_0/sd_data_host0/transf_cnt[15]_i_1_n_0                 | mmc_tester_0/sd_host_0/sd_data_host0/AR[0]                                         |                9 |             16 |
|  MMC_CLK_IBUF_BUFG | mmc_tester_0/mmc_slave/mmc_1/sd_card_d_handler/transf_cnt[15]_i_1__0_n_0    | mmc_tester_0/syscon1/syscon1/transf_cnt_reg[0]                                     |                4 |             16 |
|  clkin             | mmc_tester_0/syscon1/syscon1/qty_sr[15]_i_1_n_0                             | MCU_TRIG_IBUF                                                                      |                3 |             16 |
|  clkin             | hwdbg_uart/snapShot                                                         | MCU_TRIG_IBUF                                                                      |                5 |             16 |
|  clkin             | hwdbg_uart/uart_wr_ctl_stbr                                                 | MCU_TRIG_IBUF                                                                      |                4 |             16 |
|  MMC_CLK_IBUF_BUFG | mmc_tester_0/mmc_slave/mmc_1/sd_card_d_handler/blkcnt_reg                   | mmc_tester_0/syscon1/syscon1/transf_cnt_reg[0]                                     |                6 |             16 |
|  MMC_CLK_IBUF_BUFG | mmc_tester_0/mmc_slave/mmc_1/cmd_receiver/crc0/card_block_count_reg[0][0]   | mmc_tester_0/syscon1/syscon1/crc_rst_n_reg                                         |                3 |             16 |
|  clkin             | mmc_tester_0/syscon1/syscon1/cmd_buffer_reg_0_127_0_0_i_1_n_0               |                                                                                    |                4 |             16 |
|  MMC_CLK_IBUF_BUFG | mmc_tester_0/mmc_slave/fifo_from_mmc/we_a_i                                 | mmc_tester_0/syscon1/syscon1/crc_in_reg[0]                                         |                5 |             17 |
|  clkin             | mmc_tester_0/s_fif_dat_wr_clear_reg_n_0                                     | mmc_tester_0/syscon1/syscon1/AS[3]                                                 |                5 |             17 |
|  clkin             | mmc_tester_0/s_fif_dat_rd_clear_reg_n_0                                     | mmc_tester_0/syscon1/syscon1/crc_in_reg[0]                                         |                5 |             17 |
|  MMC_CLK_IBUF_BUFG | mmc_tester_0/mmc_slave/fifo_to_mmc/rd_row[0]_i_1__0_n_0                     | mmc_tester_0/syscon1/syscon1/AS[3]                                                 |                5 |             17 |
|  MMC_CLK_OBUF_BUFG |                                                                             | mmc_tester_0/sd_host_0/cmd_host_0/crc_bit_reg_0[0]                                 |                6 |             19 |
|  MMC_CLK_OBUF_BUFG | mmc_tester_0/sd_host_0/cmd_host_0/counter[31]_i_1_n_0                       | mmc_tester_0/sd_host_0/cmd_host_0/crc_bit_reg_0[0]                                 |               10 |             21 |
|  MMC_CLK_IBUF_BUFG | mmc_tester_0/mmc_slave/mmc_1/cmd_receiver/cmd_raw_l[46]_i_1_n_0             | mmc_tester_0/syscon1/syscon1/crc_in_reg[0]                                         |                9 |             21 |
|  MMC_CLK_IBUF_BUFG |                                                                             | mmc_tester_0/syscon1/syscon1/transf_cnt_reg[0]                                     |               16 |             22 |
|  MMC_CLK_OBUF_BUFG |                                                                             | mmc_tester_0/sd_host_0/sd_data_host0/AR[0]                                         |               15 |             23 |
|  MMC_CLK_IBUF_BUFG |                                                                             | mmc_tester_0/syscon1/syscon1/AS[3]                                                 |                4 |             23 |
|  clkin             | mmc_tester_0/tlm_1us_unit/tlm_1us_pulse                                     | MCU_TRIG_IBUF                                                                      |                6 |             24 |
|  MMC_CLK_IBUF_BUFG | mmc_tester_0/mmc_slave/mmc_1/cmd_receiver/crc0/prg_dly_count_reg[0][0]      | mmc_tester_0/syscon1/syscon1/match_o_reg                                           |                7 |             24 |
|  MMC_CLK_OBUF_BUFG | mmc_tester_0/sd_host_0/cmd_host_0/resp_idx                                  | mmc_tester_0/sd_host_0/sd_data_host0/AR[0]                                         |               12 |             29 |
|  MMC_CLK_IBUF_BUFG | mmc_tester_0/mmc_slave/mmc_1/cmd_receiver/adr_offset_reg_0__s_net_1         | mmc_tester_0/syscon1/syscon1/transf_cnt_reg[0]                                     |                8 |             31 |
|  MMC_CLK_IBUF_BUFG |                                                                             | mmc_tester_0/syscon1/syscon1/wb_rst_i                                              |                7 |             31 |
|  clkin             |                                                                             | mmc_tester_0/sd_host_0/cmd_host_0/crc_bit_reg_0[0]                                 |                8 |             32 |
|  clkin             | mmc_tester_0/syscon1/syscon1/display_adr_sr[31]_i_1_n_0                     | MCU_TRIG_IBUF                                                                      |               13 |             32 |
|  MMC_CLK_IBUF_BUFG | mmc_tester_0/test_cmd_receiver/t_rx_cmd_stp_bdcount_reg[0]                  | MCU_TRIG_IBUF                                                                      |                8 |             32 |
|  clkin             | mmc_tester_0/syscon1/syscon1/adr_sr                                         | MCU_TRIG_IBUF                                                                      |                9 |             32 |
|  clkin             | mmc_tester_0/tlm_r10_dat0                                                   | MCU_TRIG_IBUF                                                                      |               12 |             32 |
|  MMC_CLK_IBUF_BUFG | mmc_tester_0/mmc_slave/mmc_1/cmd_receiver/crc0/card_adr_reg[0][0]           | mmc_tester_0/syscon1/syscon1/crc_rst_n_reg                                         |                8 |             32 |
|  MMC_CLK_IBUF_BUFG | mmc_tester_0/test_cmd_receiver/t_rx_cmd_crc_bdcount_reg[0]                  | MCU_TRIG_IBUF                                                                      |                8 |             32 |
|  MMC_CLK_IBUF_BUFG | mmc_tester_0/t_rx_dat_count_reset/t_rx_dat_count_reg_0__s_net_1             | MCU_TRIG_IBUF                                                                      |                8 |             32 |
|  clkin             | mmc_tester_0/tlm_fifo_unit/tlm_stage1                                       | MCU_TRIG_IBUF                                                                      |                9 |             32 |
|  clkin             | mmc_tester_0/syscon1/syscon1/dat_sr[31]_i_1_n_0                             | MCU_TRIG_IBUF                                                                      |               17 |             32 |
|  MMC_CLK_IBUF_BUFG | mmc_tester_0/test_cmd_receiver/t_rx_cmd_gdcount_reg[0]                      | MCU_TRIG_IBUF                                                                      |                8 |             32 |
|  MMC_CLK_IBUF_BUFG |                                                                             | mmc_tester_0/syscon1/syscon1/AS[2]                                                 |               12 |             39 |
|  MMC_CLK_IBUF_BUFG |                                                                             | mmc_tester_0/syscon1/syscon1/crc_rst_n_reg                                         |               17 |             39 |
|  MMC_CLK_IBUF_BUFG |                                                                             | mmc_tester_0/syscon1/syscon1/match_o_reg                                           |               16 |             41 |
|  MMC_CLK_OBUF_BUFG | mmc_tester_0/sd_host_0/cmd_host_0/timeout_reg                               | mmc_tester_0/sd_host_0/cmd_host_0/crc_bit_reg_0[1]                                 |               15 |             42 |
|  MMC_CLK_IBUF_BUFG |                                                                             | mmc_tester_0/syscon1/syscon1/crc_in_reg[0]                                         |               14 |             42 |
|  MMC_CLK_IBUF_BUFG |                                                                             | mmc_tester_0/syscon1/syscon1/AS[1]                                                 |                8 |             46 |
|  MMC_CLK_IBUF_BUFG |                                                                             | mmc_tester_0/syscon1/syscon1/AS[0]                                                 |               14 |             46 |
|  MMC_CLK_IBUF_BUFG | mmc_tester_0/test_cmd_receiver/cmd_raw_l                                    | MCU_TRIG_IBUF                                                                      |               12 |             48 |
|  MMC_CLK_OBUF_BUFG |                                                                             | mmc_tester_0/sd_host_0/cmd_host_0/crc_bit_reg_0[1]                                 |               29 |             49 |
|  MMC_CLK_IBUF_BUFG |                                                                             | MCU_TRIG_IBUF                                                                      |               28 |            101 |
|  MMC_CLK_OBUF_BUFG |                                                                             | mmc_tester_0/sd_host_0/cmd_host_0/resp_buff_reg[42]_0[0]                           |               63 |            107 |
|  MMC_CLK_IBUF_BUFG |                                                                             | mmc_tester_0/syscon1/syscon1/tx_sr_reg[86]                                         |               18 |            111 |
|  MMC_CLK_OBUF_BUFG | mmc_tester_0/sd_host_0/cmd_host_0/response_0_o[31]_i_1_n_0                  | mmc_tester_0/sd_host_0/cmd_host_0/AR[0]                                            |               28 |            121 |
|  MMC_CLK_IBUF_BUFG | mmc_tester_0/mmc_slave/mmc_1/sd_card_d_handler/crc_enable_reg_n_0           | mmc_tester_0/mmc_slave/mmc_1/sd_card_d_handler/sd_crc_gen[7].crc_unit/crc_reg[0]_0 |               40 |            128 |
|  MMC_CLK_OBUF_BUFG | mmc_tester_0/sd_host_0/sd_data_host0/crc_enable_reg_n_0                     | mmc_tester_0/sd_host_0/sd_data_host0/sd_crc_gen[7].crc_unit/crc_reg[0]_0           |               41 |            128 |
|  clkin             |                                                                             | MCU_TRIG_IBUF                                                                      |              100 |            226 |
+--------------------+-----------------------------------------------------------------------------+------------------------------------------------------------------------------------+------------------+----------------+


+--------+-----------------------+
| Fanout | Number of ControlSets |
+--------+-----------------------+
| 1      |                    11 |
| 2      |                    15 |
| 3      |                    12 |
| 4      |                    21 |
| 5      |                     8 |
| 6      |                     9 |
| 7      |                    14 |
| 8      |                    49 |
| 9      |                     6 |
| 10     |                     4 |
| 11     |                     4 |
| 12     |                     9 |
| 13     |                     3 |
| 14     |                     5 |
| 15     |                     6 |
| 16+    |                    51 |
+--------+-----------------------+


